root@mgmt:/home/vagrant# sudo fdisk /dev/sdb
Device contains neither a valid DOS partition table, nor Sun, SGI or OSF disklabel
Building a new DOS disklabel with disk identifier 0xcb106acf.
Changes will remain in memory only, until you decide to write them.
After that, of course, the previous content won't be recoverable.

Warning: invalid flag 0x0000 of partition table 4 will be corrected by w(rite)

Command (m for help): n
Partition type:
   p   primary (0 primary, 0 extended, 4 free)
   e   extended
Select (default p): p
Partition number (1-4, default 1):
Using default value 1
First sector (2048-20971519, default 2048):
Using default value 2048
Last sector, +sectors or +size{K,M,G} (2048-20971519, default 20971519): +10M

Command (m for help): n
Partition type:
   p   primary (1 primary, 0 extended, 3 free)
   e   extended
Select (default p): p
Partition number (1-4, default 2):
Using default value 2
First sector (22528-20971519, default 22528):
Using default value 22528
Last sector, +sectors or +size{K,M,G} (22528-20971519, default 20971519): +10M

Command (m for help): n
Partition type:
   p   primary (2 primary, 0 extended, 2 free)
   e   extended
Select (default p): p
Partition number (1-4, default 3):
Using default value 3
First sector (43008-20971519, default 43008):
Using default value 43008
Last sector, +sectors or +size{K,M,G} (43008-20971519, default 20971519): +10M

Command (m for help): n
Partition type:
   p   primary (3 primary, 0 extended, 1 free)
   e   extended
Select (default e): e
Selected partition 4
First sector (63488-20971519, default 63488):
Using default value 63488
Last sector, +sectors or +size{K,M,G} (63488-20971519, default 20971519): +110M

Command (m for help): n
All primary partitions are in use
Adding logical partition 5
First sector (65536-288767, default 65536):
Using default value 65536
Last sector, +sectors or +size{K,M,G} (65536-288767, default 288767): +50M

Command (m for help): n
All primary partitions are in use
Adding logical partition 6
First sector (169984-288767, default 169984):
Using default value 169984
Last sector, +sectors or +size{K,M,G} (169984-288767, default 288767): +50M

Command (m for help): w
The partition table has been altered!

Calling ioctl() to re-read partition table.
Syncing disks.
root@mgmt:/home/vagrant# lsblk /dev/sdb
NAME   MAJ:MIN RM SIZE RO TYPE MOUNTPOINT
sdb      8:16   0  10G  0 disk
├─sdb1   8:17   0  10M  0 part
├─sdb2   8:18   0  10M  0 part
├─sdb3   8:19   0  10M  0 part
├─sdb4   8:20   0   1K  0 part
├─sdb5   8:21   0  50M  0 part
└─sdb6   8:22   0  50M  0 part
root@mgmt:/home/vagrant# sudo fdisk /dev/sdb4
fdisk: unable to read /dev/sdb4: Inappropriate ioctl for device
root@mgmt:/home/vagrant# sudo fdisk -l /dev/sdb4
root@mgmt:/home/vagrant# sudo fdisk  /dev/sdb4
fdisk: unable to read /dev/sdb4: Inappropriate ioctl for device
root@mgmt:/home/vagrant# fdisk -h
Usage:
 fdisk [options] <disk>    change partition table
 fdisk [options] -l <disk> list partition table(s)
 fdisk -s <partition>      give partition size(s) in blocks

Options:
 -b <size>             sector size (512, 1024, 2048 or 4096)
 -c[=<mode>]           compatible mode: 'dos' or 'nondos' (default)
 -h                    print this help text
 -u[=<unit>]           display units: 'cylinders' or 'sectors' (default)
 -v                    print program version
 -C <number>           specify the number of cylinders
 -H <number>           specify the number of heads
 -S <number>           specify the number of sectors per track

root@mgmt:/home/vagrant# sudo fdisk -b +110M /dev/sdb4
Usage:
 fdisk [options] <disk>    change partition table
 fdisk [options] -l <disk> list partition table(s)
 fdisk -s <partition>      give partition size(s) in blocks

Options:
 -b <size>             sector size (512, 1024, 2048 or 4096)
 -c[=<mode>]           compatible mode: 'dos' or 'nondos' (default)
 -h                    print this help text
 -u[=<unit>]           display units: 'cylinders' or 'sectors' (default)
 -v                    print program version
 -C <number>           specify the number of cylinders
 -H <number>           specify the number of heads
 -S <number>           specify the number of sectors per track

root@mgmt:/home/vagrant# sudo fdisk -b /dev/sdb4
Usage:
 fdisk [options] <disk>    change partition table
 fdisk [options] -l <disk> list partition table(s)
 fdisk -s <partition>      give partition size(s) in blocks

Options:
 -b <size>             sector size (512, 1024, 2048 or 4096)
 -c[=<mode>]           compatible mode: 'dos' or 'nondos' (default)
 -h                    print this help text
 -u[=<unit>]           display units: 'cylinders' or 'sectors' (default)
 -v                    print program version
 -C <number>           specify the number of cylinders
 -H <number>           specify the number of heads
 -S <number>           specify the number of sectors per track

root@mgmt:/home/vagrant# sudo fdisk-b /dev/sdb4
sudo: fdisk-b: command not found
root@mgmt:/home/vagrant# sudo fdisk -b /dev/sdb
Usage:
 fdisk [options] <disk>    change partition table
 fdisk [options] -l <disk> list partition table(s)
 fdisk -s <partition>      give partition size(s) in blocks

Options:
 -b <size>             sector size (512, 1024, 2048 or 4096)
 -c[=<mode>]           compatible mode: 'dos' or 'nondos' (default)
 -h                    print this help text
 -u[=<unit>]           display units: 'cylinders' or 'sectors' (default)
 -v                    print program version
 -C <number>           specify the number of cylinders
 -H <number>           specify the number of heads
 -S <number>           specify the number of sectors per track

root@mgmt:/home/vagrant# sudo fdisk /dev/sdb

Command (m for help): n                                                         All primary partitions are in use
Adding logical partition 7
First sector (274432-288767, default 274432): ^Croot@mgmt:/home/vagrant# sudo fdisk /dev/sdb
root@mgmt:/home/vagrant# sudo fdisk /dev/sdb4
fdisk: unable to read /dev/sdb4: Inappropriate ioctl for device
root@mgmt:/home/vagrant# sudo fdisk
Usage:
 fdisk [options] <disk>    change partition table
 fdisk [options] -l <disk> list partition table(s)
 fdisk -s <partition>      give partition size(s) in blocks

Options:
 -b <size>             sector size (512, 1024, 2048 or 4096)
 -c[=<mode>]           compatible mode: 'dos' or 'nondos' (default)
 -h                    print this help text
 -u[=<unit>]           display units: 'cylinders' or 'sectors' (default)
 -v                    print program version
 -C <number>           specify the number of cylinders
 -H <number>           specify the number of heads
 -S <number>           specify the number of sectors per track

root@mgmt:/home/vagrant# sudo fdisk -s /dev/sdb4
1
root@mgmt:/home/vagrant# sudo fdisk /dev/sdb

Command (m for help): d
Partition number (1-6): 4

Command (m for help): n
Partition type:
   p   primary (3 primary, 0 extended, 1 free)
   e   extended
Select (default e): e
Selected partition 4
First sector (63488-20971519, default 63488):
Using default value 63488
Last sector, +sectors or +size{K,M,G} (63488-20971519, default 20971519): +110M

Command (m for help): w
The partition table has been altered!

Calling ioctl() to re-read partition table.
Syncing disks.
root@mgmt:/home/vagrant# lsblk /dev/sdb
NAME   MAJ:MIN RM SIZE RO TYPE MOUNTPOINT
sdb      8:16   0  10G  0 disk
├─sdb1   8:17   0  10M  0 part
├─sdb2   8:18   0  10M  0 part
├─sdb3   8:19   0  10M  0 part
└─sdb4   8:20   0   1K  0 part
root@mgmt:/home/vagrant# sudo fdisk /dev/sdb

Command (m for help): d
Partition number (1-5): {1..5}
Partition number (1-5): 1

Command (m for help): d
Partition number (1-5): 2

Command (m for help): d
Partition number (1-5): 3

Command (m for help): d
Selected partition 4

Command (m for help): d
No partition is defined yet!

Command (m for help): d
No partition is defined yet!

Command (m for help): d
No partition is defined yet!

Command (m for help): w
The partition table has been altered!

Calling ioctl() to re-read partition table.
Syncing disks.
root@mgmt:/home/vagrant#
root@mgmt:/home/vagrant# lsblk /dev/sdb
NAME MAJ:MIN RM SIZE RO TYPE MOUNTPOINT
sdb    8:16   0  10G  0 disk
root@mgmt:/home/vagrant# sudo fdisk /dev/sdb

Command (m for help): n
Partition type:
   p   primary (0 primary, 0 extended, 4 free)
   e   extended
Select (default p): p
Partition number (1-4, default 1):
Using default value 1
First sector (2048-20971519, default 2048):
Using default value 2048
Last sector, +sectors or +size{K,M,G} (2048-20971519, default 20971519): +10M

Command (m for help): n
Partition type:
   p   primary (1 primary, 0 extended, 3 free)
   e   extended
Select (default p): p
Partition number (1-4, default 2): +10M
Value out of range.
Partition number (1-4, default 2): +10M
Value out of range.
Partition number (1-4, default 2): w
Partition number (1-4, default 2): ^Croot@mgmt:/home/vagrant#
root@mgmt:/home/vagrant# lsblk /dev/sdb
NAME MAJ:MIN RM SIZE RO TYPE MOUNTPOINT
sdb    8:16   0  10G  0 disk
root@mgmt:/home/vagrant# sudo fdisk /dev/sdb

Command (m for help): n
Partition type:
   p   primary (0 primary, 0 extended, 4 free)
   e   extended
Select (default p): p
Partition number (1-4, default 1):
Using default value 1
First sector (2048-20971519, default 2048): +10M
Last sector, +sectors or +size{K,M,G} (20480-20971519, default 20971519): ^Croot@mgmt:/home/vagrant# lsblk /dev/sdb
NAME MAJ:MIN RM SIZE RO TYPE MOUNTPOINT
sdb    8:16   0  10G  0 disk
root@mgmt:/home/vagrant#
root@mgmt:/home/vagrant# sudo fdisk /dev/sdb

Command (m for help): n
Partition type:
   p   primary (0 primary, 0 extended, 4 free)
   e   extended
Select (default p): p
Partition number (1-4, default 1):
Using default value 1
First sector (2048-20971519, default 2048):
Using default value 2048
Last sector, +sectors or +size{K,M,G} (2048-20971519, default 20971519): +10M

Command (m for help): n
Partition type:
   p   primary (1 primary, 0 extended, 3 free)
   e   extended
Select (default p): p
Partition number (1-4, default 2):
Using default value 2
First sector (22528-20971519, default 22528):
Using default value 22528
Last sector, +sectors or +size{K,M,G} (22528-20971519, default 20971519): +10M

Command (m for help): n
Partition type:
   p   primary (2 primary, 0 extended, 2 free)
   e   extended
Select (default p): p
Partition number (1-4, default 3):
Using default value 3
First sector (43008-20971519, default 43008):
Using default value 43008
Last sector, +sectors or +size{K,M,G} (43008-20971519, default 20971519): +10M

Command (m for help): n
Partition type:
   p   primary (3 primary, 0 extended, 1 free)
   e   extended
Select (default e): e
Selected partition 4
First sector (63488-20971519, default 63488):
Using default value 63488
Last sector, +sectors or +size{K,M,G} (63488-20971519, default 20971519): +110M

Command (m for help): n
All primary partitions are in use
Adding logical partition 5
First sector (65536-288767, default 65536):
Using default value 65536
Last sector, +sectors or +size{K,M,G} (65536-288767, default 288767): +50M

Command (m for help): n
All primary partitions are in use
Adding logical partition 6
First sector (169984-288767, default 169984):
Using default value 169984
Last sector, +sectors or +size{K,M,G} (169984-288767, default 288767): +50M

Command (m for help): w
The partition table has been altered!

Calling ioctl() to re-read partition table.
Syncing disks.
root@mgmt:/home/vagrant# lsblk /dev/sdb
NAME   MAJ:MIN RM SIZE RO TYPE MOUNTPOINT
sdb      8:16   0  10G  0 disk
├─sdb1   8:17   0  10M  0 part
├─sdb2   8:18   0  10M  0 part
├─sdb3   8:19   0  10M  0 part
├─sdb4   8:20   0   1K  0 part
├─sdb5   8:21   0  50M  0 part
└─sdb6   8:22   0  50M  0 part
root@mgmt:/home/vagrant# sudo mkfs.ext4 /dev/sdb{1,2,3,4,5}
mke2fs 1.42.9 (4-Feb-2014)
mkfs.ext4: invalid blocks '/dev/sdb2' on device '/dev/sdb1'
root@mgmt:/home/vagrant# sudo mkfs.ext4 /dev/sdb1
mke2fs 1.42.9 (4-Feb-2014)
Filesystem label=
OS type: Linux
Block size=1024 (log=0)
Fragment size=1024 (log=0)
Stride=0 blocks, Stripe width=0 blocks
2560 inodes, 10240 blocks
512 blocks (5.00%) reserved for the super user
First data block=1
Maximum filesystem blocks=10485760
2 block groups
8192 blocks per group, 8192 fragments per group
1280 inodes per group
Superblock backups stored on blocks:
        8193

Allocating group tables: done
Writing inode tables: done
Creating journal (1024 blocks): done
Writing superblocks and filesystem accounting information: done

root@mgmt:/home/vagrant# sudo mkfs.ext4 /dev/sdb2
mke2fs 1.42.9 (4-Feb-2014)
Filesystem label=
OS type: Linux
Block size=1024 (log=0)
Fragment size=1024 (log=0)
Stride=0 blocks, Stripe width=0 blocks
2560 inodes, 10240 blocks
512 blocks (5.00%) reserved for the super user
First data block=1
Maximum filesystem blocks=10485760
2 block groups
8192 blocks per group, 8192 fragments per group
1280 inodes per group
Superblock backups stored on blocks:
        8193

Allocating group tables: done
Writing inode tables: done
Creating journal (1024 blocks): done
Writing superblocks and filesystem accounting information: done

root@mgmt:/home/vagrant# sudo mkfs.ext4 /dev/sdb3
mke2fs 1.42.9 (4-Feb-2014)
Filesystem label=
OS type: Linux
Block size=1024 (log=0)
Fragment size=1024 (log=0)
Stride=0 blocks, Stripe width=0 blocks
2560 inodes, 10240 blocks
512 blocks (5.00%) reserved for the super user
First data block=1
Maximum filesystem blocks=10485760
2 block groups
8192 blocks per group, 8192 fragments per group
1280 inodes per group
Superblock backups stored on blocks:
        8193

Allocating group tables: done
Writing inode tables: done
Creating journal (1024 blocks): done
Writing superblocks and filesystem accounting information: done

root@mgmt:/home/vagrant# sudo mkfs.ext4 /dev/sdb4
mke2fs 1.42.9 (4-Feb-2014)
mkfs.ext4: inode_size (128) * inodes_count (0) too big for a
        filesystem with 0 blocks, specify higher inode_ratio (-i)
        or lower inode count (-N).

root@mgmt:/home/vagrant# sudo mkfs.ext4 /dev/sdb5
mke2fs 1.42.9 (4-Feb-2014)
Filesystem label=
OS type: Linux
Block size=1024 (log=0)
Fragment size=1024 (log=0)
Stride=0 blocks, Stripe width=0 blocks
12824 inodes, 51200 blocks
2560 blocks (5.00%) reserved for the super user
First data block=1
Maximum filesystem blocks=52428800
7 block groups
8192 blocks per group, 8192 fragments per group
1832 inodes per group
Superblock backups stored on blocks:
        8193, 24577, 40961

Allocating group tables: done
Writing inode tables: done
Creating journal (4096 blocks): done
Writing superblocks and filesystem accounting information: done

root@mgmt:/home/vagrant# sudo mkfs.ext4 /dev/sdb6
mke2fs 1.42.9 (4-Feb-2014)
Filesystem label=
OS type: Linux
Block size=1024 (log=0)
Fragment size=1024 (log=0)
Stride=0 blocks, Stripe width=0 blocks
12824 inodes, 51200 blocks
2560 blocks (5.00%) reserved for the super user
First data block=1
Maximum filesystem blocks=52428800
7 block groups
8192 blocks per group, 8192 fragments per group
1832 inodes per group
Superblock backups stored on blocks:
        8193, 24577, 40961

Allocating group tables: done
Writing inode tables: done
Creating journal (4096 blocks): done
Writing superblocks and filesystem accounting information: done

root@mgmt:/home/vagrant# sudo mkdir /mount{1..5}
root@mgmt:/home/vagrant# sudo mount /dev/sdb1 /mount1
root@mgmt:/home/vagrant# sudo mount /dev/sdb2 /mount2
root@mgmt:/home/vagrant# sudo mount /dev/sdb3 /mount3
root@mgmt:/home/vagrant# sudo mount /dev/sdb5 /mount4
root@mgmt:/home/vagrant# sudo mount /dev/sdb6 /mount5
root@mgmt:/home/vagrant# lsblk /dev/sdb
NAME   MAJ:MIN RM SIZE RO TYPE MOUNTPOINT
sdb      8:16   0  10G  0 disk
├─sdb1   8:17   0  10M  0 part /mount1
├─sdb2   8:18   0  10M  0 part /mount2
├─sdb3   8:19   0  10M  0 part /mount3
├─sdb4   8:20   0   1K  0 part
├─sdb5   8:21   0  50M  0 part /mount4
└─sdb6   8:22   0  50M  0 part /mount5
root@mgmt:/home/vagrant# sudo touch /mount1/test1
root@mgmt:/home/vagrant# sudo touch /mount2/test
root@mgmt:/home/vagrant# sudo touch /mount3/test
root@mgmt:/home/vagrant# sudo touch /mount4/test
root@mgmt:/home/vagrant# sudo touch /mount5/test
root@mgmt:/home/vagrant# sudo ls /mount*/*
/mount1/test1  /mount2/test  /mount3/test  /mount4/test  /mount5/test

/mount1/lost+found:

/mount2/lost+found:

/mount3/lost+found:

/mount4/lost+found:

/mount5/lost+found:
root@mgmt:/home/vagrant# sudo umount /dev/sdb1
root@mgmt:/home/vagrant# sudo umount /dev/sdb2
root@mgmt:/home/vagrant# sudo umount /dev/sdb3
root@mgmt:/home/vagrant# sudo umount /dev/sdb4
umount: /dev/sdb4: not mounted
root@mgmt:/home/vagrant# sudo umount /dev/sdb5
root@mgmt:/home/vagrant# sudo umount /dev/sdb6
root@mgmt:/home/vagrant# lsblk
NAME   MAJ:MIN RM SIZE RO TYPE MOUNTPOINT
sda      8:0    0  40G  0 disk
└─sda1   8:1    0  40G  0 part /
sdb      8:16   0  10G  0 disk
├─sdb1   8:17   0  10M  0 part
├─sdb2   8:18   0  10M  0 part
├─sdb3   8:19   0  10M  0 part
├─sdb4   8:20   0   1K  0 part
├─sdb5   8:21   0  50M  0 part
└─sdb6   8:22   0  50M  0 part
sdc      8:32   0  10G  0 disk
root@mgmt:/home/vagrant# ll /mount*
/mount1:
total 8
drwxr-xr-x  2 root root 4096 Sep 25 17:23 ./
drwxr-xr-x 28 root root 4096 Sep 25 17:28 ../

/mount2:
total 8
drwxr-xr-x  2 root root 4096 Sep 25 17:23 ./
drwxr-xr-x 28 root root 4096 Sep 25 17:28 ../

/mount3:
total 8
drwxr-xr-x  2 root root 4096 Sep 25 17:23 ./
drwxr-xr-x 28 root root 4096 Sep 25 17:28 ../

/mount4:
total 8
drwxr-xr-x  2 root root 4096 Sep 25 17:23 ./
drwxr-xr-x 28 root root 4096 Sep 25 17:28 ../

/mount5:
total 8
drwxr-xr-x  2 root root 4096 Sep 25 17:23 ./
drwxr-xr-x 28 root root 4096 Sep 25 17:28 ../
root@mgmt:/home/vagrant# sudo fdsik /dev/sdb
sudo: fdsik: command not found
root@mgmt:/home/vagrant# d
d: command not found
root@mgmt:/home/vagrant# sudo fdisk /dev/sdb

Command (m for help): d
Partition number (1-6): 1

Command (m for help): d
Partition number (1-6): 2

Command (m for help): d
Partition number (1-6): 3

Command (m for help): d
Partition number (1-6): 4

Command (m for help): d
No partition is defined yet!

Command (m for help): 5
5: unknown command
Command action
   a   toggle a bootable flag
   b   edit bsd disklabel
   c   toggle the dos compatibility flag
   d   delete a partition
   l   list known partition types
   m   print this menu
   n   add a new partition
   o   create a new empty DOS partition table
   p   print the partition table
   q   quit without saving changes
   s   create a new empty Sun disklabel
   t   change a partition's system id
   u   change display/entry units
   v   verify the partition table
   w   write table to disk and exit
   x   extra functionality (experts only)

Command (m for help): d
No partition is defined yet!

Command (m for help): w
The partition table has been altered!

Calling ioctl() to re-read partition table.
Syncing disks.
root@mgmt:/home/vagrant# lsblk
NAME   MAJ:MIN RM SIZE RO TYPE MOUNTPOINT
sda      8:0    0  40G  0 disk
└─sda1   8:1    0  40G  0 part /
sdb      8:16   0  10G  0 disk
sdc      8:32   0  10G  0 disk
root@mgmt:/home/vagrant# sudo fdisk /dev/sdb

Command (m for help): n
Partition type:
   p   primary (0 primary, 0 extended, 4 free)
   e   extended
Select (default p): t
Invalid partition type `t'

Command (m for help): ^Croot@mgmt:/home/vagrant# sudo fdisk /dev/sdb

Command (m for help): n
Partition type:
   p   primary (0 primary, 0 extended, 4 free)
   e   extended
Select (default p): p
Partition number (1-4, default 1):
Using default value 1
First sector (2048-20971519, default 2048):
Using default value 2048
Last sector, +sectors or +size{K,M,G} (2048-20971519, default 20971519): +1G

Command (m for help): t
Selected partition 1
Hex code (type L to list codes): 8e
Changed system type of partition 1 to 8e (Linux LVM)

Command (m for help): w
The partition table has been altered!

Calling ioctl() to re-read partition table.
Syncing disks.
root@mgmt:/home/vagrant# sudo pvcreate /dev/sdb1
sudo: pvcreate: command not found
root@mgmt:/home/vagrant# sudo fdisk -l /dev/sdb

Disk /dev/sdb: 10.7 GB, 10737418240 bytes
171 heads, 40 sectors/track, 3066 cylinders, total 20971520 sectors
Units = sectors of 1 * 512 = 512 bytes
Sector size (logical/physical): 512 bytes / 512 bytes
I/O size (minimum/optimal): 512 bytes / 512 bytes
Disk identifier: 0xcb106acf

   Device Boot      Start         End      Blocks   Id  System
/dev/sdb1            2048     2099199     1048576   8e  Linux LVM
root@mgmt:/home/vagrant# sudo apt-get install lvm -y
Reading package lists... Done
Building dependency tree
Reading state information... Done
E: Unable to locate package lvm
root@mgmt:/home/vagrant# sudo apt-get install lvm2 -y
Reading package lists... Done
Building dependency tree
Reading state information... Done
The following extra packages will be installed:
  libdevmapper-event1.02.1 libreadline5 watershed
Suggested packages:
  thin-provisioning-tools
The following NEW packages will be installed:
  libdevmapper-event1.02.1 libreadline5 lvm2 watershed
0 upgraded, 4 newly installed, 0 to remove and 203 not upgraded.
Need to get 622 kB of archives.
After this operation, 1,797 kB of additional disk space will be used.
Get:1 http://archive.ubuntu.com/ubuntu/ trusty/main libdevmapper-event1.02.1 amd64 2:1.02.77-6ubuntu2 [10.8 kB]
Get:2 http://archive.ubuntu.com/ubuntu/ trusty/main libreadline5 amd64 5.2+dfsg-2 [130 kB]
Get:3 http://archive.ubuntu.com/ubuntu/ trusty/main watershed amd64 7 [11.4 kB]
Get:4 http://archive.ubuntu.com/ubuntu/ trusty/main lvm2 amd64 2.02.98-6ubuntu2 [470 kB]
Fetched 622 kB in 7s (82.6 kB/s)
Selecting previously unselected package libdevmapper-event1.02.1:amd64.
(Reading database ... 66578 files and directories currently installed.)
Preparing to unpack .../libdevmapper-event1.02.1_2%3a1.02.77-6ubuntu2_amd64.deb ...
Unpacking libdevmapper-event1.02.1:amd64 (2:1.02.77-6ubuntu2) ...
Selecting previously unselected package libreadline5:amd64.
Preparing to unpack .../libreadline5_5.2+dfsg-2_amd64.deb ...
Unpacking libreadline5:amd64 (5.2+dfsg-2) ...
Selecting previously unselected package watershed.
Preparing to unpack .../archives/watershed_7_amd64.deb ...
Unpacking watershed (7) ...
Selecting previously unselected package lvm2.
Preparing to unpack .../lvm2_2.02.98-6ubuntu2_amd64.deb ...
Unpacking lvm2 (2.02.98-6ubuntu2) ...
Processing triggers for man-db (2.6.7.1-1ubuntu1) ...
Setting up libdevmapper-event1.02.1:amd64 (2:1.02.77-6ubuntu2) ...
Setting up libreadline5:amd64 (5.2+dfsg-2) ...
Setting up watershed (7) ...
update-initramfs: deferring update (trigger activated)
Setting up lvm2 (2.02.98-6ubuntu2) ...
update-initramfs: deferring update (trigger activated)
Processing triggers for libc-bin (2.19-0ubuntu6.11) ...
Processing triggers for initramfs-tools (0.103ubuntu4.6) ...
update-initramfs: Generating /boot/initrd.img-3.13.0-113-generic
root@mgmt:/home/vagrant# sudo pvcreate /dev/sdb1
  Physical volume "/dev/sdb1" successfully created
root@mgmt:/home/vagrant# sudo pvdisplay
  "/dev/sdb1" is a new physical volume of "1.00 GiB"
  --- NEW Physical volume ---
  PV Name               /dev/sdb1
  VG Name
  PV Size               1.00 GiB
  Allocatable           NO
  PE Size               0
  Total PE              0
  Free PE               0
  Allocated PE          0
  PV UUID               pVj094-yRZo-5r2r-4KCO-HmQ4-kCed-k3TNIl

root@mgmt:/home/vagrant# sudo vgcreate vg0 /dev/sdb1
  Volume group "vg0" successfully created
root@mgmt:/home/vagrant# sudo vgdisplay
  --- Volume group ---
  VG Name               vg0
  System ID
  Format                lvm2
  Metadata Areas        1
  Metadata Sequence No  1
  VG Access             read/write
  VG Status             resizable
  MAX LV                0
  Cur LV                0
  Open LV               0
  Max PV                0
  Cur PV                1
  Act PV                1
  VG Size               1020.00 MiB
  PE Size               4.00 MiB
  Total PE              255
  Alloc PE / Size       0 / 0
  Free  PE / Size       255 / 1020.00 MiB
  VG UUID               xvkBx7-Fjxb-TX7d-LYRQ-HHjr-Zmwj-LjnZ2D

root@mgmt:/home/vagrant# sudo vgcreate -n lv0 -L 1G vg0
vgcreate: invalid option -- 'n'
  Error during parsing of command line.
root@mgmt:/home/vagrant# sudo lvcreate -n lv0 -L 1G vg0
  Volume group "vg0" has insufficient free space (255 extents): 256 required.
root@mgmt:/home/vagrant# sudo lvcreate -n lv0 -L 990 vg0
  Rounding up size to full physical extent 992.00 MiB
  Logical volume "lv0" created
root@mgmt:/home/vagrant# sudo lvdisplay
  --- Logical volume ---
  LV Path                /dev/vg0/lv0
  LV Name                lv0
  VG Name                vg0
  LV UUID                aklZtH-OC3L-admu-DDyu-grfo-k0Ui-FXAtds
  LV Write Access        read/write
  LV Creation host, time mgmt, 2018-09-25 17:37:23 +0000
  LV Status              available
  # open                 0
  LV Size                992.00 MiB
  Current LE             248
  Segments               1
  Allocation             inherit
  Read ahead sectors     auto
  - currently set to     256
  Block device           252:0

root@mgmt:/home/vagrant# sudo mkfs.ext4 /dev/mapper/vg0-lv0
mke2fs 1.42.9 (4-Feb-2014)
Filesystem label=
OS type: Linux
Block size=4096 (log=2)
Fragment size=4096 (log=2)
Stride=0 blocks, Stripe width=0 blocks
63488 inodes, 253952 blocks
12697 blocks (5.00%) reserved for the super user
First data block=0
Maximum filesystem blocks=260046848
8 block groups
32768 blocks per group, 32768 fragments per group
7936 inodes per group
Superblock backups stored on blocks:
        32768, 98304, 163840, 229376

Allocating group tables: done
Writing inode tables: done
Creating journal (4096 blocks): done
Writing superblocks and filesystem accounting information: done

root@mgmt:/home/vagrant# sudo mkdir /lvm
root@mgmt:/home/vagrant# sudo mount /dev/mapper/vg0-lv0 /lvm
root@mgmt:/home/vagrant# df -hT /dev/mapper/vg0-lv0
Filesystem          Type  Size  Used Avail Use% Mounted on
/dev/mapper/vg0-lv0 ext4  961M  1.3M  894M   1% /lvm
root@mgmt:/home/vagrant# sudo pvcreate /dev/sdb2
  Device /dev/sdb2 not found (or ignored by filtering).
root@mgmt:/home/vagrant# sudo fdisk /dev/sdb

Command (m for help): n
Partition type:
   p   primary (1 primary, 0 extended, 3 free)
   e   extended
Select (default p): p
Partition number (1-4, default 2):
Using default value 2
First sector (2099200-20971519, default 2099200):
Using default value 2099200
Last sector, +sectors or +size{K,M,G} (2099200-20971519, default 20971519): 500M
Value out of range.
Last sector, +sectors or +size{K,M,G} (2099200-20971519, default 20971519): +500M

Command (m for help): t
Partition number (1-4): 8e
Value out of range.
Partition number (1-4): ^L^Croot@mgmt:/home/vagrant# sudo fdisk /dev/sdb

Command (m for help): n
Partition type:
   p   primary (1 primary, 0 extended, 3 free)
   e   extended
Select (default p): p
Partition number (1-4, default 2):
Using default value 2
First sector (2099200-20971519, default 2099200):
Using default value 2099200
Last sector, +sectors or +size{K,M,G} (2099200-20971519, default 20971519): +500M

Command (m for help): t
Partition number (1-4):
Value out of range.
Partition number (1-4): 2
Hex code (type L to list codes): 8e
Changed system type of partition 2 to 8e (Linux LVM)

Command (m for help): w
The partition table has been altered!

Calling ioctl() to re-read partition table.

WARNING: Re-reading the partition table failed with error 16: Device or resource busy.
The kernel still uses the old table. The new table will be used at
the next reboot or after you run partprobe(8) or kpartx(8)
Syncing disks.
root@mgmt:/home/vagrant# sudo kpartx
sudo: kpartx: command not found
root@mgmt:/home/vagrant# sudo partprobe
Error: /dev/sdc: unrecognised disk label
root@mgmt:/home/vagrant# sudo partprobe(8)
bash: syntax error near unexpected token `('
root@mgmt:/home/vagrant# sudo partprobe (8)
bash: syntax error near unexpected token `('
root@mgmt:/home/vagrant# sudo partprobe-h
sudo: partprobe-h: command not found
root@mgmt:/home/vagrant# sudo partprobe -h
Usage: partprobe [OPTION] [DEVICE]...
Inform the operating system about partition table changes.

  -d, --dry-run    do not actually inform the operating system
  -s, --summary    print a summary of contents
  -h, --help       display this help and exit
  -v, --version    output version information and exit

When no DEVICE is given, probe all partitions.

Report bugs to <bug-parted@gnu.org>.
root@mgmt:/home/vagrant#
root@mgmt:/home/vagrant# sudo fdisk /dev/sdb

Command (m for help): n
Partition type:
   p   primary (2 primary, 0 extended, 2 free)
   e   extended
Select (default p): p
Partition number (1-4, default 3): ^Croot@mgmt:/home/vagrant# ^C
root@mgmt:/home/vagrant# sudo fdisk /dev/sdb

Command (m for help): t
Partition number (1-4): 2
Hex code (type L to list codes): 8e

Command (m for help): w
The partition table has been altered!

Calling ioctl() to re-read partition table.

WARNING: Re-reading the partition table failed with error 16: Device or resource busy.
The kernel still uses the old table. The new table will be used at
the next reboot or after you run partprobe(8) or kpartx(8)
Syncing disks.
root@mgmt:/home/vagrant# sudo pvcreate /dev/sdb2
  Physical volume "/dev/sdb2" successfully created
root@mgmt:/home/vagrant# sudo vgextend vg0 /dev/sdb2
  Volume group "vg0" successfully extended
root@mgmt:/home/vagrant# sudo vgdisplay
  --- Volume group ---
  VG Name               vg0
  System ID
  Format                lvm2
  Metadata Areas        2
  Metadata Sequence No  3
  VG Access             read/write
  VG Status             resizable
  MAX LV                0
  Cur LV                1
  Open LV               1
  Max PV                0
  Cur PV                2
  Act PV                2
  VG Size               1.48 GiB
  PE Size               4.00 MiB
  Total PE              379
  Alloc PE / Size       248 / 992.00 MiB
  Free  PE / Size       131 / 524.00 MiB
  VG UUID               xvkBx7-Fjxb-TX7d-LYRQ-HHjr-Zmwj-LjnZ2D

root@mgmt:/home/vagrant# sudo lvextend -L +500M /dev/mapper/vg0-lv0
  Extending logical volume lv0 to 1.46 GiB
  Logical volume lv0 successfully resized
root@mgmt:/home/vagrant# sudo umount /lvm
root@mgmt:/home/vagrant# sudo e2fsck -ff /dev/mapper/vg0-lv0
e2fsck 1.42.9 (4-Feb-2014)
Pass 1: Checking inodes, blocks, and sizes
Pass 2: Checking directory structure
Pass 3: Checking directory connectivity
Pass 4: Checking reference counts
Pass 5: Checking group summary information
/dev/mapper/vg0-lv0: 11/63488 files (0.0% non-contiguous), 8401/253952 blocks
root@mgmt:/home/vagrant# sudo lvreduce -L -500M /dev/mapper/vg0-lv0
  WARNING: Reducing active logical volume to 992.00 MiB
  THIS MAY DESTROY YOUR DATA (filesystem etc.)
Do you really want to reduce lv0? [y/n]: y
  Reducing logical volume lv0 to 992.00 MiB
  Logical volume lv0 successfully resized
root@mgmt:/home/vagrant# sudo lvdisplay
  --- Logical volume ---
  LV Path                /dev/vg0/lv0
  LV Name                lv0
  VG Name                vg0
  LV UUID                aklZtH-OC3L-admu-DDyu-grfo-k0Ui-FXAtds
  LV Write Access        read/write
  LV Creation host, time mgmt, 2018-09-25 17:37:23 +0000
  LV Status              available
  # open                 0
  LV Size                992.00 MiB
  Current LE             248
  Segments               1
  Allocation             inherit
  Read ahead sectors     auto
  - currently set to     256
  Block device           252:0

root@mgmt:/home/vagrant# sudo mount /dev/mapper/vg0-lv0
mount: can't find /dev/mapper/vg0-lv0 in /etc/fstab or /etc/mtab
root@mgmt:/home/vagrant# df -hT /dev/mapper/vg0-lv0
Filesystem     Type      Size  Used Avail Use% Mounted on
udev           devtmpfs  115M   12K  115M   1% /dev
root@mgmt:/home/vagrant#
